c01   0.0000 0000 0000 0000 0000 0000 0000 0000 0000 0000 (   1-  40)
        0000 (  41-  44)
c02   0.3333 3333 3333 3333 3333 3333 3333 3333 3333 3333 (   1-  40)
        3333 (  41-  44)
c03   0.6666 6666 6666 6666 6666 6666 6666 6666 6666 6666 (   1-  40)
        6666 (  41-  44)
a01   0.0000 0000 0000 0000 0000 0000 0000 0000 0000 0000 (   1-  40)
        0000 (  41-  44)
a02   0.9999 9999 9999 9999 9999 9999 9999 9999 9999 9999 (   1-  40)
        9999 (  41-  44)
a03   1.3333 3333 3333 3333 3333 3333 3333 3333 3333 3333 (   1-  40)
        3332 (  41-  44)
c01   0.0 0 0 0 0 0 0 0 0 0 0 (   1-  11)
